mode: set
demo/test/compute.go:3.24,5.2 1 1
demo/test/compute.go:7.24,9.2 1 1
demo/test/compute.go:11.24,13.2 1 1
